HD townmap: 125 total, 1 already done, 124 queued.
[1/124] Ashbury Crematorium - Lev 1 -> townmap\Ashbury Crematorium - Lev 1 (18 tiles)
[2/124] Ashbury Crematorium - Lev 2 -> townmap\Ashbury Crematorium - Lev 2 (185 tiles)
[3/124] Ashbury Crematorium - Lev 3 -> townmap\Ashbury Crematorium - Lev 3 (61 tiles)
[4/124] Ashbury Haunted Castle - Basement -> townmap\Ashbury Haunted Castle - Basement (207 tiles)
[5/124] Ashbury Haunted Castle - Ground Floor -> townmap\Ashbury Haunted Castle - Ground Floor (199 tiles)
[6/124] Ashbury Haunted Castle - Upstairs -> townmap\Ashbury Haunted Castle - Upstairs (142 tiles)
[7/124] Ashbury Scienticians Underground -> townmap\Ashbury Scienticians Underground (25 tiles)
[8/124] Bates Mansion Lev 1 -> townmap\Bates Mansion Lev 1 (74 tiles)
[9/124] Bates Mansion Lev 2 -> townmap\Bates Mansion Lev 2 (72 tiles)
[10/124] Bates Tunnel -> townmap\Bates Tunnel (129 tiles)
[11/124] Bedokaan Village -> townmap\Bedokaan Village (289 tiles)
[12/124] Bessie Toones -> townmap\Bessie Toones (155 tiles)
[13/124] Black Root -> townmap\Black Root (2543 tiles)
[14/124] BMC 1 -> townmap\BMC 1 (105 tiles)
[15/124] BMC 2 -> townmap\BMC 2 (196 tiles)
[16/124] BMC 3 -> townmap\BMC 3 (363 tiles)
[17/124] BMC 4 -> townmap\BMC 4 (384 tiles)
[18/124] Caladon -> townmap\Caladon (3193 tiles)
[19/124] Caladon - Panarrii Temple -> townmap\Caladon - Panarrii Temple (111 tiles)
[20/124] Caladon - Panarrii Temple 2 -> townmap\Caladon - Panarrii Temple 2 (43 tiles)
[21/124] Caladon - Panarrii Temple 3 -> townmap\Caladon - Panarrii Temple 3 (26 tiles)
[22/124] Caladon - Panarrii Temple Basement -> townmap\Caladon - Panarrii Temple Basement (176 tiles)
[23/124] Caladon Castle - Downstairs -> townmap\Caladon Castle - Downstairs (239 tiles)
[24/124] Caladon Castle - Main Floor -> townmap\Caladon Castle - Main Floor (178 tiles)
[25/124] Caladon Castle - Upstairs -> townmap\Caladon Castle - Upstairs (166 tiles)
[26/124] Caladon Castle - Vents -> townmap\Caladon Castle - Vents (74 tiles)
[27/124] Caladon Guardhouse Basement -> townmap\Caladon Guardhouse Basement (54 tiles)
[28/124] Caladon High Security Prison -> townmap\Caladon High Security Prison (226 tiles)
[29/124] Caladon Mafia Underground -> townmap\Caladon Mafia Underground (2 tiles)
[30/124] Caladon Sanders Basement -> townmap\Caladon Sanders Basement (18 tiles)
[31/124] Caladon Sewers -> townmap\Caladon Sewers (748 tiles)
[32/124] Caladon Trap Disarm Dungeon -> townmap\Caladon Trap Disarm Dungeon (433 tiles)
[33/124] Castle S'nel N'fa -> townmap\Castle S'nel N'fa (209 tiles)
[34/124] Cave of the Bangellian Scourge -> townmap\Cave of the Bangellian Scourge (200 tiles)
[35/124] City Hall Downstairs -> townmap\City Hall Downstairs (54 tiles)
[36/124] Crash Site Cave -> townmap\Crash Site Cave (44 tiles)
[37/124] crash-site -> townmap\crash-site (802 tiles)
[38/124] Dernholm -> townmap\Dernholm (1891 tiles)
[39/124] Dernholm - Castle -> townmap\Dernholm - Castle (196 tiles)
[40/124] Dernholm Pits -> townmap\Dernholm Pits (350 tiles)
[41/124] Drogs Cave -> townmap\Drogs Cave (58 tiles)
[42/124] Dungeon of the Dragon Pool -> townmap\Dungeon of the Dragon Pool (173 tiles)
[43/124] Dungeon of the Dragon Pool 2 -> townmap\Dungeon of the Dragon Pool 2 (70 tiles)
[44/124] Elven Ruins -> townmap\Elven Ruins (99 tiles)
[45/124] Half Ogre Island -> townmap\Half Ogre Island (546 tiles)
[46/124] Hardin's Pass -> townmap\Hardin's Pass (1484 tiles)
[47/124] Iron Clan - Music Box -> townmap\Iron Clan - Music Box (127 tiles)
[48/124] Iron Clan HQ -> townmap\Iron Clan HQ (45 tiles)
[49/124] Iron Clan HQ 2 -> townmap\Iron Clan HQ 2 (30 tiles)
[50/124] Isle of Despair -> townmap\Isle of Despair (546 tiles)
[51/124] K'na Tha 1 -> townmap\K'na Tha 1 (2089 tiles)
[52/124] K'na Tha 2 -> townmap\K'na Tha 2 (1473 tiles)
[53/124] K'na Tha 3 -> townmap\K'na Tha 3 (796 tiles)
[54/124] K'na Tha 4 -> townmap\K'na Tha 4 (1889 tiles)
[55/124] K'na Tha 5 -> townmap\K'na Tha 5 (289 tiles)
[56/124] K'na Tha 6 -> townmap\K'na Tha 6 (289 tiles)
[57/124] Kree -> townmap\Kree (989 tiles)
[58/124] Mannox's Hole -> townmap\Mannox's Hole (17 tiles)
[59/124] P. Schuylers Lev 1 -> townmap\P. Schuylers Lev 1 (40 tiles)
[60/124] P. Schuylers Lev 2 -> townmap\P. Schuylers Lev 2 (73 tiles)
[61/124] P. Schuylers Lev 3 -> townmap\P. Schuylers Lev 3 (58 tiles)
[62/124] Pit of Fires -> townmap\Pit of Fires (237 tiles)
[63/124] Poachers Camp -> townmap\Poachers Camp (289 tiles)
[64/124] Qintarra -> townmap\Qintarra (989 tiles)
[65/124] Qintarra - Queens Chambers -> townmap\Qintarra - Queens Chambers (13 tiles)
[66/124] Roseborough -> townmap\Roseborough (2141 tiles)
[67/124] Roseborough Inn -> townmap\Roseborough Inn (182 tiles)
[68/124] Ruins of Szabo -> townmap\Ruins of Szabo (59 tiles)
[69/124] Ruins of Szabo 2 -> townmap\Ruins of Szabo 2 (72 tiles)
[70/124] Shrouded Hills -> townmap\Shrouded Hills (3441 tiles)
[71/124] Shrouded Hills Panarii Temple -> townmap\Shrouded Hills Panarii Temple (52 tiles)
[72/124] Stillwater -> townmap\Stillwater (1442 tiles)
[73/124] Stillwater Giants Cave -> townmap\Stillwater Giants Cave (58 tiles)
[74/124] Stonecutter Clan -> townmap\Stonecutter Clan (312 tiles)
[75/124] Tarant -> townmap\Tarant (6191 tiles)
[76/124] Tarant Sewers lev 01 -> townmap\Tarant Sewers lev 01 (241 tiles)
[77/124] Tarant Sewers Massive -> townmap\Tarant Sewers Massive (1313 tiles)
[78/124] Temple of Derian Ka -> townmap\Temple of Derian Ka (207 tiles)
[79/124] Thanatos - LandBridge -> townmap\Thanatos - LandBridge (2641 tiles)
[80/124] The Lair of Bellerogrim -> townmap\The Lair of Bellerogrim (127 tiles)
[81/124] The Lair of Bellerogrim 2 -> townmap\The Lair of Bellerogrim 2 (145 tiles)
[82/124] Thieves Cave -> townmap\Thieves Cave (20 tiles)
[83/124] Tsen Ang -> townmap\Tsen Ang (1184 tiles)
[84/124] Tsen Ang - Min Gorads Chamber -> townmap\Tsen Ang - Min Gorads Chamber (71 tiles)
[85/124] Tulla -> townmap\Tulla (989 tiles)
[86/124] Tulla Interior - Main Floor -> townmap\Tulla Interior - Main Floor (485 tiles)
[87/124] Tulla Interior - Simeons Chamber -> townmap\Tulla Interior - Simeons Chamber (55 tiles)
[88/124] Tulla Interior - Simeons Hallway -> townmap\Tulla Interior - Simeons Hallway (5 tiles)
[89/124] Uncharted Cave -> townmap\Uncharted Cave (143 tiles)
[90/124] Vendigroth Ruins -> townmap\Vendigroth Ruins (289 tiles)
[91/124] Vendigroth Underground 1 -> townmap\Vendigroth Underground 1 (567 tiles)
[92/124] Vendigroth Underground 2 -> townmap\Vendigroth Underground 2 (103 tiles)
[93/124] Vendigroth Underground 3 -> townmap\Vendigroth Underground 3 (187 tiles)
[94/124] Vendigroth Underground 4 -> townmap\Vendigroth Underground 4 (61 tiles)
[95/124] Vendigroth Underground 5 -> townmap\Vendigroth Underground 5 (24 tiles)
[96/124] Vendigroth Underground 6 -> townmap\Vendigroth Underground 6 (27 tiles)
[97/124] Void-Arronaxs Interior -> townmap\Void-Arronaxs Interior (73 tiles)
[98/124] Void-Cave of Kryggyrd's Falchion -> townmap\Void-Cave of Kryggyrd's Falchion (179 tiles)
[99/124] Void-islands -> townmap\Void-islands (1606 tiles)
[100/124] Void-Kerghans Castle Lev 1 -> townmap\Void-Kerghans Castle Lev 1 (119 tiles)
[101/124] Void-Kerghans Castle Lev 2 -> townmap\Void-Kerghans Castle Lev 2 (66 tiles)
[102/124] Void-Kerghans Castle Lev 3 -> townmap\Void-Kerghans Castle Lev 3 (199 tiles)
[103/124] Void-Kerghans Castle Lev Final Chamber -> townmap\Void-Kerghans Castle Lev Final Chamber (60 tiles)
[104/124] Vollingers Basement -> townmap\Vollingers Basement (19 tiles)
[105/124] Vooriden -> townmap\Vooriden (289 tiles)
[106/124] Wheel Clan 1 -> townmap\Wheel Clan 1 (88 tiles)
[107/124] Wheel Clan 2 -> townmap\Wheel Clan 2 (423 tiles)
[108/124] Wheel Clan 3 -> townmap\Wheel Clan 3 (212 tiles)
[109/124] Wheel Clan 4 -> townmap\Wheel Clan 4 (350 tiles)
[110/124] Wheel Clan 5 -> townmap\Wheel Clan 5 (55 tiles)
[111/124] Wheel Clan 6 -> townmap\Wheel Clan 6 (562 tiles)
[112/124] Wheel Clan 7 - Loghaires Chamber -> townmap\Wheel Clan 7 - Loghaires Chamber (44 tiles)
[113/124] Wolf Cave -> townmap\Wolf Cave (65 tiles)
[114/124] Dwarf Island -> townmap\Dwarf Island (2025 tiles)
[115/124] Dwarf Level 1 -> townmap\Dwarf Level 1 (139 tiles)
[116/124] Dwarf Level 2 -> townmap\Dwarf Level 2 (213 tiles)
[117/124] Dwarf Level 3 -> townmap\Dwarf Level 3 (403 tiles)
[118/124] Elf Final Chamber -> townmap\Elf Final Chamber (56 tiles)
[119/124] Elf Island -> townmap\Elf Island (2071 tiles)
[120/124] Elf Tree-Top -> townmap\Elf Tree-Top (221 tiles)
[121/124] Vorman Laboratory -> townmap\Vorman Laboratory (57 tiles)
[122/124] Vorman Mansion Interior -> townmap\Vorman Mansion Interior (91 tiles)
[123/124] Vorman Sewers -> townmap\Vorman Sewers (150 tiles)
[124/124] VormanTown -> townmap\VormanTown (1251 tiles)
Townmap: 124 done, 1 skipped (already done, use --force), 0 failed
